---
source: tests/exec.rs
expression: err
---
info success ok

