---
source: tests/init.rs
expression: err
---
info initialized .

