---
source: tests/init.rs
expression: err
---
error: unable to initialize workspace: no folder at 'new'

