---
source: tests/list.rs
expression: out
---
simple v0.1.0 simple

