---
source: tests/list.rs
expression: out
---
private (PRIVATE)
simple

