---
source: tests/list.rs
expression: out
---
root v0.1.0 .

