---
source: tests/list.rs
expression: out
---
simple

